// Jest Snapshot v1, https://goo.gl/fbAQLP

exports[`should render Header correctly 1`] = `
<header
  className="header"
>
  <div
    className="content-container"
  >
    <div
      className="header__content"
    >
      <Link
        className="header__title"
        replace={false}
        to="/dashboard"
      >
        <h1
          title="Click to go to Main Dashboard"
        >
          Bean Counter
        </h1>
      </Link>
      <button
        className="button button-link"
        onClick={[Function]}
      >
        Log Out
      </button>
    </div>
  </div>
</header>
`;
